version https://git-lfs.github.com/spec/v1
oid sha256:98a73878cee005328d4284c9e9bbdb341765a47038343cf5307d673c83a2d2bb
size 891
