version https://git-lfs.github.com/spec/v1
oid sha256:0b2e56b268587011ab089ef25bfcbbe23bfadf9e64b66ebb4192187d24d16c94
size 1390
