version https://git-lfs.github.com/spec/v1
oid sha256:b465d001bb0533965521e251a6b31ae5821a2b4f3c662110de78b402676a7c50
size 916
