version https://git-lfs.github.com/spec/v1
oid sha256:e58970ffc3790054450e9b11e0acfd6a04dde0cf2097777de638437559e0a32b
size 32
