version https://git-lfs.github.com/spec/v1
oid sha256:e42ae93474e9c14b9a33ea021d885fbcb5280a5acbb7ef238df5952d2963e770
size 16
